Traceback (most recent call last):
  File "<frozen runpy>", line 198, in _run_module_as_main
  File "<frozen runpy>", line 88, in _run_code
  File "C:\Users\DSU Student\Desktop\kaggleProject\epustakalaya_corpus\__main__.py", line 5, in <module>
    raise SystemExit(main())
                     ~~~~^^
  File "C:\Users\DSU Student\Desktop\kaggleProject\epustakalaya_corpus\cli.py", line 84, in main
    return args.func(args)
           ~~~~~~~~~^^^^^^
  File "C:\Users\DSU Student\Desktop\kaggleProject\epustakalaya_corpus\pipeline.py", line 344, in summarize_manifest
    manifest_rows = read_jsonl(Path(args.manifest))
  File "C:\Users\DSU Student\Desktop\kaggleProject\epustakalaya_corpus\utils.py", line 102, in read_jsonl
    rows.append(json.loads(line))
                ~~~~~~~~~~^^^^^^
  File "C:\Python313\Lib\json\__init__.py", line 335, in loads
    raise JSONDecodeError("Unexpected UTF-8 BOM (decode using utf-8-sig)",
                          s, 0)
json.decoder.JSONDecodeError: Unexpected UTF-8 BOM (decode using utf-8-sig): line 1 column 1 (char 0)
Traceback (most recent call last):
  File "<frozen runpy>", line 198, in _run_module_as_main
  File "<frozen runpy>", line 88, in _run_code
  File "C:\Users\DSU Student\Desktop\kaggleProject\epustakalaya_corpus\__main__.py", line 5, in <module>
    raise SystemExit(main())
                     ~~~~^^
  File "C:\Users\DSU Student\Desktop\kaggleProject\epustakalaya_corpus\cli.py", line 84, in main
    return args.func(args)
           ~~~~~~~~~^^^^^^
  File "C:\Users\DSU Student\Desktop\kaggleProject\epustakalaya_corpus\pipeline.py", line 83, in probe_access
    manifest_rows = read_jsonl(Path(args.manifest))
  File "C:\Users\DSU Student\Desktop\kaggleProject\epustakalaya_corpus\utils.py", line 102, in read_jsonl
    rows.append(json.loads(line))
                ~~~~~~~~~~^^^^^^
  File "C:\Python313\Lib\json\__init__.py", line 335, in loads
    raise JSONDecodeError("Unexpected UTF-8 BOM (decode using utf-8-sig)",
                          s, 0)
json.decoder.JSONDecodeError: Unexpected UTF-8 BOM (decode using utf-8-sig): line 1 column 1 (char 0)
Traceback (most recent call last):
  File "<frozen runpy>", line 198, in _run_module_as_main
  File "<frozen runpy>", line 88, in _run_code
  File "C:\Users\DSU Student\Desktop\kaggleProject\epustakalaya_corpus\__main__.py", line 5, in <module>
    raise SystemExit(main())
                     ~~~~^^
  File "C:\Users\DSU Student\Desktop\kaggleProject\epustakalaya_corpus\cli.py", line 84, in main
    return args.func(args)
           ~~~~~~~~~^^^^^^
  File "C:\Users\DSU Student\Desktop\kaggleProject\epustakalaya_corpus\pipeline.py", line 390, in summarize_probe
    probe_rows = read_jsonl(Path(args.probe))
  File "C:\Users\DSU Student\Desktop\kaggleProject\epustakalaya_corpus\utils.py", line 98, in read_jsonl
    with path.open("r", encoding="utf-8") as handle:
         ~~~~~~~~~^^^^^^^^^^^^^^^^^^^^^^^
  File "C:\Python313\Lib\pathlib\_local.py", line 537, in open
    return io.open(self, mode, buffering, encoding, errors, newline)
           ~~~~~~~^^^^^^^^^^^^^^^^^^^^^^^^^^^^^^^^^^^^^^^^^^^^^^^^^^
FileNotFoundError: [Errno 2] No such file or directory: 'data\\probe_first1000.jsonl'
Traceback (most recent call last):
  File "<frozen runpy>", line 198, in _run_module_as_main
  File "<frozen runpy>", line 88, in _run_code
  File "C:\Users\DSU Student\Desktop\kaggleProject\epustakalaya_corpus\__main__.py", line 5, in <module>
    raise SystemExit(main())
                     ~~~~^^
  File "C:\Users\DSU Student\Desktop\kaggleProject\epustakalaya_corpus\cli.py", line 84, in main
    return args.func(args)
           ~~~~~~~~~^^^^^^
  File "C:\Users\DSU Student\Desktop\kaggleProject\epustakalaya_corpus\pipeline.py", line 144, in fetch_pdfs
    probe_rows = read_jsonl(Path(args.probe))
  File "C:\Users\DSU Student\Desktop\kaggleProject\epustakalaya_corpus\utils.py", line 98, in read_jsonl
    with path.open("r", encoding="utf-8") as handle:
         ~~~~~~~~~^^^^^^^^^^^^^^^^^^^^^^^
  File "C:\Python313\Lib\pathlib\_local.py", line 537, in open
    return io.open(self, mode, buffering, encoding, errors, newline)
           ~~~~~~~^^^^^^^^^^^^^^^^^^^^^^^^^^^^^^^^^^^^^^^^^^^^^^^^^^
FileNotFoundError: [Errno 2] No such file or directory: 'data\\probe_first1000.jsonl'
