run_first_1000_download start workspace=C:\Users\DSU Student\Desktop\kaggleProject
crawl-manifest start page_start=1 page_end=90 resume=True output=data\manifest_full.jsonl
crawl-manifest page_complete page=1 total_pages_seen=692 processed_docs=0
crawl-manifest page_complete page=2 total_pages_seen=692 processed_docs=0
crawl-manifest page_complete page=3 total_pages_seen=692 processed_docs=0
crawl-manifest page_complete page=4 total_pages_seen=692 processed_docs=0
crawl-manifest page_complete page=5 total_pages_seen=692 processed_docs=0
crawl-manifest page_complete page=6 total_pages_seen=692 processed_docs=0
crawl-manifest page_complete page=7 total_pages_seen=692 processed_docs=0
crawl-manifest page_complete page=8 total_pages_seen=692 processed_docs=0
crawl-manifest page_complete page=9 total_pages_seen=692 processed_docs=0
crawl-manifest page_complete page=10 total_pages_seen=692 processed_docs=0
crawl-manifest page_complete page=11 total_pages_seen=692 processed_docs=0
crawl-manifest page_complete page=12 total_pages_seen=692 processed_docs=0
crawl-manifest page_complete page=13 total_pages_seen=692 processed_docs=0
crawl-manifest page_complete page=14 total_pages_seen=692 processed_docs=0
crawl-manifest page_complete page=15 total_pages_seen=692 processed_docs=0
crawl-manifest page_complete page=16 total_pages_seen=692 processed_docs=0
crawl-manifest page_complete page=17 total_pages_seen=692 processed_docs=0
crawl-manifest page_complete page=18 total_pages_seen=692 processed_docs=0
crawl-manifest page_complete page=19 total_pages_seen=692 processed_docs=0
crawl-manifest page_complete page=20 total_pages_seen=692 processed_docs=0
crawl-manifest page_complete page=21 total_pages_seen=692 processed_docs=0
crawl-manifest page_complete page=22 total_pages_seen=692 processed_docs=0
crawl-manifest page_complete page=23 total_pages_seen=692 processed_docs=0
crawl-manifest page_complete page=24 total_pages_seen=692 processed_docs=0
crawl-manifest page_complete page=25 total_pages_seen=692 processed_docs=0
crawl-manifest page_complete page=26 total_pages_seen=692 processed_docs=0
crawl-manifest page_complete page=27 total_pages_seen=692 processed_docs=0
crawl-manifest page_complete page=28 total_pages_seen=692 processed_docs=0
crawl-manifest page_complete page=29 total_pages_seen=692 processed_docs=0
crawl-manifest page_complete page=30 total_pages_seen=692 processed_docs=0
crawl-manifest page_complete page=31 total_pages_seen=692 processed_docs=0
crawl-manifest page_complete page=32 total_pages_seen=692 processed_docs=0
crawl-manifest page_complete page=33 total_pages_seen=692 processed_docs=0
crawl-manifest page_complete page=34 total_pages_seen=692 processed_docs=0
crawl-manifest page_complete page=35 total_pages_seen=692 processed_docs=0
crawl-manifest page_complete page=36 total_pages_seen=692 processed_docs=0
crawl-manifest page_complete page=37 total_pages_seen=692 processed_docs=0
crawl-manifest page_complete page=38 total_pages_seen=692 processed_docs=0
crawl-manifest page_complete page=39 total_pages_seen=692 processed_docs=0
crawl-manifest page_complete page=40 total_pages_seen=692 processed_docs=0
crawl-manifest page_complete page=41 total_pages_seen=692 processed_docs=0
crawl-manifest page_complete page=42 total_pages_seen=692 processed_docs=0
crawl-manifest page_complete page=43 total_pages_seen=692 processed_docs=0
crawl-manifest page_complete page=44 total_pages_seen=692 processed_docs=0
crawl-manifest page_complete page=45 total_pages_seen=692 processed_docs=0
crawl-manifest page_complete page=46 total_pages_seen=692 processed_docs=0
crawl-manifest page_complete page=47 total_pages_seen=692 processed_docs=0
crawl-manifest page_complete page=48 total_pages_seen=692 processed_docs=0
crawl-manifest page_complete page=49 total_pages_seen=692 processed_docs=0
crawl-manifest page_complete page=50 total_pages_seen=692 processed_docs=0
crawl-manifest page_complete page=51 total_pages_seen=692 processed_docs=0
crawl-manifest page_complete page=52 total_pages_seen=692 processed_docs=0
crawl-manifest page_complete page=53 total_pages_seen=692 processed_docs=0
crawl-manifest page_complete page=54 total_pages_seen=692 processed_docs=0
crawl-manifest page_complete page=55 total_pages_seen=692 processed_docs=0
crawl-manifest page_complete page=56 total_pages_seen=692 processed_docs=0
crawl-manifest page_complete page=57 total_pages_seen=692 processed_docs=0
crawl-manifest page_complete page=58 total_pages_seen=692 processed_docs=0
crawl-manifest page_complete page=59 total_pages_seen=692 processed_docs=0
crawl-manifest page_complete page=60 total_pages_seen=692 processed_docs=0
crawl-manifest page_complete page=61 total_pages_seen=692 processed_docs=0
crawl-manifest page_complete page=62 total_pages_seen=692 processed_docs=0
crawl-manifest page_complete page=63 total_pages_seen=692 processed_docs=0
crawl-manifest page_complete page=64 total_pages_seen=692 processed_docs=0
crawl-manifest page_complete page=65 total_pages_seen=692 processed_docs=0
crawl-manifest page_complete page=66 total_pages_seen=692 processed_docs=0
crawl-manifest page_complete page=67 total_pages_seen=692 processed_docs=0
crawl-manifest page_complete page=68 total_pages_seen=692 processed_docs=6
crawl-manifest page_complete page=69 total_pages_seen=692 processed_docs=19
crawl-manifest page_complete page=70 total_pages_seen=692 processed_docs=30
crawl-manifest page_complete page=71 total_pages_seen=692 processed_docs=39
crawl-manifest page_complete page=72 total_pages_seen=692 processed_docs=53
crawl-manifest page_complete page=73 total_pages_seen=692 processed_docs=68
crawl-manifest page_complete page=74 total_pages_seen=692 processed_docs=79
crawl-manifest page_complete page=75 total_pages_seen=692 processed_docs=92
crawl-manifest page_complete page=76 total_pages_seen=692 processed_docs=105
crawl-manifest page_complete page=77 total_pages_seen=692 processed_docs=118
crawl-manifest page_complete page=78 total_pages_seen=692 processed_docs=126
crawl-manifest page_complete page=79 total_pages_seen=692 processed_docs=139
crawl-manifest page_complete page=80 total_pages_seen=692 processed_docs=154
crawl-manifest page_complete page=81 total_pages_seen=692 processed_docs=168
crawl-manifest page_complete page=82 total_pages_seen=692 processed_docs=176
crawl-manifest page_complete page=83 total_pages_seen=692 processed_docs=188
crawl-manifest page_complete page=84 total_pages_seen=692 processed_docs=203
crawl-manifest page_complete page=85 total_pages_seen=692 processed_docs=219
crawl-manifest page_complete page=86 total_pages_seen=692 processed_docs=230
crawl-manifest page_complete page=87 total_pages_seen=692 processed_docs=244
crawl-manifest page_complete page=88 total_pages_seen=692 processed_docs=259
crawl-manifest page_complete page=89 total_pages_seen=692 processed_docs=273
crawl-manifest page_complete page=90 total_pages_seen=692 processed_docs=288
crawl-manifest done processed_docs=288 output=data\manifest_full.jsonl
manifest_first1000 ready rows=1000 path=data/manifest_first1000.jsonl
run_first_1000_download done
